  Determining projects to restore...
  All projects are up-to-date for restore.
D:\CongNgheDN(CuoiKy)\FaceRecog\src\DlibDotNet\src\DlibDotNet\Matrix\MatrixRangeExp.cs(151,39): warning CS0693: Type parameter 'T' has the same name as the type parameter from outer type 'MatrixRangeExp<T>' [D:\CongNgheDN(CuoiKy)\FaceRecog\src\DlibDotNet\src\DlibDotNet\DlibDotNet.csproj]
  DlibDotNet -> D:\CongNgheDN(CuoiKy)\FaceRecog\src\DlibDotNet\src\DlibDotNet\bin\x64\Debug\netstandard2.0\DlibDotNet.dll
  FaceRecog -> D:\CongNgheDN(CuoiKy)\FaceRecog\src\FaceRecog\bin\x64\Debug\netstandard2.0\FaceRecog.dll
  FaceRecog -> D:\CongNgheDN(CuoiKy)\FaceRecog\src\FaceRecog\bin\x64\Debug\net461\FaceRecog.dll
D:\CongNgheDN(CuoiKy)\FaceRecog\FaceIDApp\UserControls\UCSettings.cs(51,13): warning CS4014: Because this call is not awaited, execution of the current method continues before the call is completed. Consider applying the 'await' operator to the result of the call. [D:\CongNgheDN(CuoiKy)\FaceRecog\FaceIDApp\FaceIDApp.csproj]
D:\CongNgheDN(CuoiKy)\FaceRecog\FaceIDApp\UserControls\UCSettings.cs(114,55): warning CS1998: This async method lacks 'await' operators and will run synchronously. Consider using the 'await' operator to await non-blocking API calls, or 'await Task.Run(...)' to do CPU-bound work on a background thread. [D:\CongNgheDN(CuoiKy)\FaceRecog\FaceIDApp\FaceIDApp.csproj]
C:\Program Files\dotnet\sdk\9.0.200\Microsoft.Common.CurrentVersion.targets(5062,5): warning MSB3026: Could not copy "C:\Program Files\dotnet\sdk\9.0.200\Microsoft\Microsoft.NET.Build.Extensions\net461\lib\System.Net.Sockets.dll" to "bin\x64\Debug\net461\System.Net.Sockets.dll". Beginning retry 1 in 1000ms. The process cannot access the file 'D:\CongNgheDN(CuoiKy)\FaceRecog\FaceIDApp\bin\x64\Debug\net461\System.Net.Sockets.dll' because it is being used by another process. The file is locked by: "  (36436)" [D:\CongNgheDN(CuoiKy)\FaceRecog\FaceIDApp\FaceIDApp.csproj]
C:\Program Files\dotnet\sdk\9.0.200\Microsoft.Common.CurrentVersion.targets(5062,5): warning MSB3026: Could not copy "C:\Program Files\dotnet\sdk\9.0.200\Microsoft\Microsoft.NET.Build.Extensions\net461\lib\System.Net.Sockets.dll" to "bin\x64\Debug\net461\System.Net.Sockets.dll". Beginning retry 2 in 1000ms. The process cannot access the file 'D:\CongNgheDN(CuoiKy)\FaceRecog\FaceIDApp\bin\x64\Debug\net461\System.Net.Sockets.dll' because it is being used by another process. The file is locked by: "  (36436)" [D:\CongNgheDN(CuoiKy)\FaceRecog\FaceIDApp\FaceIDApp.csproj]
C:\Program Files\dotnet\sdk\9.0.200\Microsoft.Common.CurrentVersion.targets(5062,5): warning MSB3026: Could not copy "C:\Program Files\dotnet\sdk\9.0.200\Microsoft\Microsoft.NET.Build.Extensions\net461\lib\System.Net.Sockets.dll" to "bin\x64\Debug\net461\System.Net.Sockets.dll". Beginning retry 3 in 1000ms. The process cannot access the file 'D:\CongNgheDN(CuoiKy)\FaceRecog\FaceIDApp\bin\x64\Debug\net461\System.Net.Sockets.dll' because it is being used by another process. The file is locked by: "  (36436)" [D:\CongNgheDN(CuoiKy)\FaceRecog\FaceIDApp\FaceIDApp.csproj]
C:\Program Files\dotnet\sdk\9.0.200\Microsoft.Common.CurrentVersion.targets(5062,5): warning MSB3026: Could not copy "C:\Program Files\dotnet\sdk\9.0.200\Microsoft\Microsoft.NET.Build.Extensions\net461\lib\System.Net.Sockets.dll" to "bin\x64\Debug\net461\System.Net.Sockets.dll". Beginning retry 4 in 1000ms. The process cannot access the file 'D:\CongNgheDN(CuoiKy)\FaceRecog\FaceIDApp\bin\x64\Debug\net461\System.Net.Sockets.dll' because it is being used by another process. The file is locked by: "  (36436)" [D:\CongNgheDN(CuoiKy)\FaceRecog\FaceIDApp\FaceIDApp.csproj]
C:\Program Files\dotnet\sdk\9.0.200\Microsoft.Common.CurrentVersion.targets(5062,5): warning MSB3026: Could not copy "C:\Program Files\dotnet\sdk\9.0.200\Microsoft\Microsoft.NET.Build.Extensions\net461\lib\System.Net.Sockets.dll" to "bin\x64\Debug\net461\System.Net.Sockets.dll". Beginning retry 5 in 1000ms. The process cannot access the file 'D:\CongNgheDN(CuoiKy)\FaceRecog\FaceIDApp\bin\x64\Debug\net461\System.Net.Sockets.dll' because it is being used by another process. The file is locked by: "  (36436)" [D:\CongNgheDN(CuoiKy)\FaceRecog\FaceIDApp\FaceIDApp.csproj]
C:\Program Files\dotnet\sdk\9.0.200\Microsoft.Common.CurrentVersion.targets(5062,5): warning MSB3026: Could not copy "C:\Program Files\dotnet\sdk\9.0.200\Microsoft\Microsoft.NET.Build.Extensions\net461\lib\System.Net.Sockets.dll" to "bin\x64\Debug\net461\System.Net.Sockets.dll". Beginning retry 6 in 1000ms. The process cannot access the file 'D:\CongNgheDN(CuoiKy)\FaceRecog\FaceIDApp\bin\x64\Debug\net461\System.Net.Sockets.dll' because it is being used by another process. The file is locked by: "  (36436)" [D:\CongNgheDN(CuoiKy)\FaceRecog\FaceIDApp\FaceIDApp.csproj]
C:\Program Files\dotnet\sdk\9.0.200\Microsoft.Common.CurrentVersion.targets(5062,5): warning MSB3026: Could not copy "C:\Program Files\dotnet\sdk\9.0.200\Microsoft\Microsoft.NET.Build.Extensions\net461\lib\System.Net.Sockets.dll" to "bin\x64\Debug\net461\System.Net.Sockets.dll". Beginning retry 7 in 1000ms. The process cannot access the file 'D:\CongNgheDN(CuoiKy)\FaceRecog\FaceIDApp\bin\x64\Debug\net461\System.Net.Sockets.dll' because it is being used by another process. The file is locked by: "  (36436)" [D:\CongNgheDN(CuoiKy)\FaceRecog\FaceIDApp\FaceIDApp.csproj]
C:\Program Files\dotnet\sdk\9.0.200\Microsoft.Common.CurrentVersion.targets(5062,5): warning MSB3026: Could not copy "C:\Program Files\dotnet\sdk\9.0.200\Microsoft\Microsoft.NET.Build.Extensions\net461\lib\System.Net.Sockets.dll" to "bin\x64\Debug\net461\System.Net.Sockets.dll". Beginning retry 8 in 1000ms. The process cannot access the file 'D:\CongNgheDN(CuoiKy)\FaceRecog\FaceIDApp\bin\x64\Debug\net461\System.Net.Sockets.dll' because it is being used by another process. The file is locked by: "  (36436)" [D:\CongNgheDN(CuoiKy)\FaceRecog\FaceIDApp\FaceIDApp.csproj]
C:\Program Files\dotnet\sdk\9.0.200\Microsoft.Common.CurrentVersion.targets(5062,5): warning MSB3026: Could not copy "C:\Program Files\dotnet\sdk\9.0.200\Microsoft\Microsoft.NET.Build.Extensions\net461\lib\System.Net.Sockets.dll" to "bin\x64\Debug\net461\System.Net.Sockets.dll". Beginning retry 9 in 1000ms. The process cannot access the file 'D:\CongNgheDN(CuoiKy)\FaceRecog\FaceIDApp\bin\x64\Debug\net461\System.Net.Sockets.dll' because it is being used by another process. The file is locked by: "  (36436)" [D:\CongNgheDN(CuoiKy)\FaceRecog\FaceIDApp\FaceIDApp.csproj]
C:\Program Files\dotnet\sdk\9.0.200\Microsoft.Common.CurrentVersion.targets(5062,5): warning MSB3026: Could not copy "C:\Program Files\dotnet\sdk\9.0.200\Microsoft\Microsoft.NET.Build.Extensions\net461\lib\System.Net.Sockets.dll" to "bin\x64\Debug\net461\System.Net.Sockets.dll". Beginning retry 10 in 1000ms. The process cannot access the file 'D:\CongNgheDN(CuoiKy)\FaceRecog\FaceIDApp\bin\x64\Debug\net461\System.Net.Sockets.dll' because it is being used by another process. The file is locked by: "  (36436)" [D:\CongNgheDN(CuoiKy)\FaceRecog\FaceIDApp\FaceIDApp.csproj]
C:\Program Files\dotnet\sdk\9.0.200\Microsoft.Common.CurrentVersion.targets(5062,5): error MSB3027: Could not copy "C:\Program Files\dotnet\sdk\9.0.200\Microsoft\Microsoft.NET.Build.Extensions\net461\lib\System.Net.Sockets.dll" to "bin\x64\Debug\net461\System.Net.Sockets.dll". Exceeded retry count of 10. Failed. The file is locked by: "  (36436)" [D:\CongNgheDN(CuoiKy)\FaceRecog\FaceIDApp\FaceIDApp.csproj]
C:\Program Files\dotnet\sdk\9.0.200\Microsoft.Common.CurrentVersion.targets(5062,5): error MSB3021: Unable to copy file "C:\Program Files\dotnet\sdk\9.0.200\Microsoft\Microsoft.NET.Build.Extensions\net461\lib\System.Net.Sockets.dll" to "bin\x64\Debug\net461\System.Net.Sockets.dll". The process cannot access the file 'D:\CongNgheDN(CuoiKy)\FaceRecog\FaceIDApp\bin\x64\Debug\net461\System.Net.Sockets.dll' because it is being used by another process. [D:\CongNgheDN(CuoiKy)\FaceRecog\FaceIDApp\FaceIDApp.csproj]

Build FAILED.

D:\CongNgheDN(CuoiKy)\FaceRecog\src\DlibDotNet\src\DlibDotNet\Matrix\MatrixRangeExp.cs(151,39): warning CS0693: Type parameter 'T' has the same name as the type parameter from outer type 'MatrixRangeExp<T>' [D:\CongNgheDN(CuoiKy)\FaceRecog\src\DlibDotNet\src\DlibDotNet\DlibDotNet.csproj]
D:\CongNgheDN(CuoiKy)\FaceRecog\FaceIDApp\UserControls\UCSettings.cs(51,13): warning CS4014: Because this call is not awaited, execution of the current method continues before the call is completed. Consider applying the 'await' operator to the result of the call. [D:\CongNgheDN(CuoiKy)\FaceRecog\FaceIDApp\FaceIDApp.csproj]
D:\CongNgheDN(CuoiKy)\FaceRecog\FaceIDApp\UserControls\UCSettings.cs(114,55): warning CS1998: This async method lacks 'await' operators and will run synchronously. Consider using the 'await' operator to await non-blocking API calls, or 'await Task.Run(...)' to do CPU-bound work on a background thread. [D:\CongNgheDN(CuoiKy)\FaceRecog\FaceIDApp\FaceIDApp.csproj]
C:\Program Files\dotnet\sdk\9.0.200\Microsoft.Common.CurrentVersion.targets(5062,5): warning MSB3026: Could not copy "C:\Program Files\dotnet\sdk\9.0.200\Microsoft\Microsoft.NET.Build.Extensions\net461\lib\System.Net.Sockets.dll" to "bin\x64\Debug\net461\System.Net.Sockets.dll". Beginning retry 1 in 1000ms. The process cannot access the file 'D:\CongNgheDN(CuoiKy)\FaceRecog\FaceIDApp\bin\x64\Debug\net461\System.Net.Sockets.dll' because it is being used by another process. The file is locked by: "  (36436)" [D:\CongNgheDN(CuoiKy)\FaceRecog\FaceIDApp\FaceIDApp.csproj]
C:\Program Files\dotnet\sdk\9.0.200\Microsoft.Common.CurrentVersion.targets(5062,5): warning MSB3026: Could not copy "C:\Program Files\dotnet\sdk\9.0.200\Microsoft\Microsoft.NET.Build.Extensions\net461\lib\System.Net.Sockets.dll" to "bin\x64\Debug\net461\System.Net.Sockets.dll". Beginning retry 2 in 1000ms. The process cannot access the file 'D:\CongNgheDN(CuoiKy)\FaceRecog\FaceIDApp\bin\x64\Debug\net461\System.Net.Sockets.dll' because it is being used by another process. The file is locked by: "  (36436)" [D:\CongNgheDN(CuoiKy)\FaceRecog\FaceIDApp\FaceIDApp.csproj]
C:\Program Files\dotnet\sdk\9.0.200\Microsoft.Common.CurrentVersion.targets(5062,5): warning MSB3026: Could not copy "C:\Program Files\dotnet\sdk\9.0.200\Microsoft\Microsoft.NET.Build.Extensions\net461\lib\System.Net.Sockets.dll" to "bin\x64\Debug\net461\System.Net.Sockets.dll". Beginning retry 3 in 1000ms. The process cannot access the file 'D:\CongNgheDN(CuoiKy)\FaceRecog\FaceIDApp\bin\x64\Debug\net461\System.Net.Sockets.dll' because it is being used by another process. The file is locked by: "  (36436)" [D:\CongNgheDN(CuoiKy)\FaceRecog\FaceIDApp\FaceIDApp.csproj]
C:\Program Files\dotnet\sdk\9.0.200\Microsoft.Common.CurrentVersion.targets(5062,5): warning MSB3026: Could not copy "C:\Program Files\dotnet\sdk\9.0.200\Microsoft\Microsoft.NET.Build.Extensions\net461\lib\System.Net.Sockets.dll" to "bin\x64\Debug\net461\System.Net.Sockets.dll". Beginning retry 4 in 1000ms. The process cannot access the file 'D:\CongNgheDN(CuoiKy)\FaceRecog\FaceIDApp\bin\x64\Debug\net461\System.Net.Sockets.dll' because it is being used by another process. The file is locked by: "  (36436)" [D:\CongNgheDN(CuoiKy)\FaceRecog\FaceIDApp\FaceIDApp.csproj]
C:\Program Files\dotnet\sdk\9.0.200\Microsoft.Common.CurrentVersion.targets(5062,5): warning MSB3026: Could not copy "C:\Program Files\dotnet\sdk\9.0.200\Microsoft\Microsoft.NET.Build.Extensions\net461\lib\System.Net.Sockets.dll" to "bin\x64\Debug\net461\System.Net.Sockets.dll". Beginning retry 5 in 1000ms. The process cannot access the file 'D:\CongNgheDN(CuoiKy)\FaceRecog\FaceIDApp\bin\x64\Debug\net461\System.Net.Sockets.dll' because it is being used by another process. The file is locked by: "  (36436)" [D:\CongNgheDN(CuoiKy)\FaceRecog\FaceIDApp\FaceIDApp.csproj]
C:\Program Files\dotnet\sdk\9.0.200\Microsoft.Common.CurrentVersion.targets(5062,5): warning MSB3026: Could not copy "C:\Program Files\dotnet\sdk\9.0.200\Microsoft\Microsoft.NET.Build.Extensions\net461\lib\System.Net.Sockets.dll" to "bin\x64\Debug\net461\System.Net.Sockets.dll". Beginning retry 6 in 1000ms. The process cannot access the file 'D:\CongNgheDN(CuoiKy)\FaceRecog\FaceIDApp\bin\x64\Debug\net461\System.Net.Sockets.dll' because it is being used by another process. The file is locked by: "  (36436)" [D:\CongNgheDN(CuoiKy)\FaceRecog\FaceIDApp\FaceIDApp.csproj]
C:\Program Files\dotnet\sdk\9.0.200\Microsoft.Common.CurrentVersion.targets(5062,5): warning MSB3026: Could not copy "C:\Program Files\dotnet\sdk\9.0.200\Microsoft\Microsoft.NET.Build.Extensions\net461\lib\System.Net.Sockets.dll" to "bin\x64\Debug\net461\System.Net.Sockets.dll". Beginning retry 7 in 1000ms. The process cannot access the file 'D:\CongNgheDN(CuoiKy)\FaceRecog\FaceIDApp\bin\x64\Debug\net461\System.Net.Sockets.dll' because it is being used by another process. The file is locked by: "  (36436)" [D:\CongNgheDN(CuoiKy)\FaceRecog\FaceIDApp\FaceIDApp.csproj]
C:\Program Files\dotnet\sdk\9.0.200\Microsoft.Common.CurrentVersion.targets(5062,5): warning MSB3026: Could not copy "C:\Program Files\dotnet\sdk\9.0.200\Microsoft\Microsoft.NET.Build.Extensions\net461\lib\System.Net.Sockets.dll" to "bin\x64\Debug\net461\System.Net.Sockets.dll". Beginning retry 8 in 1000ms. The process cannot access the file 'D:\CongNgheDN(CuoiKy)\FaceRecog\FaceIDApp\bin\x64\Debug\net461\System.Net.Sockets.dll' because it is being used by another process. The file is locked by: "  (36436)" [D:\CongNgheDN(CuoiKy)\FaceRecog\FaceIDApp\FaceIDApp.csproj]
C:\Program Files\dotnet\sdk\9.0.200\Microsoft.Common.CurrentVersion.targets(5062,5): warning MSB3026: Could not copy "C:\Program Files\dotnet\sdk\9.0.200\Microsoft\Microsoft.NET.Build.Extensions\net461\lib\System.Net.Sockets.dll" to "bin\x64\Debug\net461\System.Net.Sockets.dll". Beginning retry 9 in 1000ms. The process cannot access the file 'D:\CongNgheDN(CuoiKy)\FaceRecog\FaceIDApp\bin\x64\Debug\net461\System.Net.Sockets.dll' because it is being used by another process. The file is locked by: "  (36436)" [D:\CongNgheDN(CuoiKy)\FaceRecog\FaceIDApp\FaceIDApp.csproj]
C:\Program Files\dotnet\sdk\9.0.200\Microsoft.Common.CurrentVersion.targets(5062,5): warning MSB3026: Could not copy "C:\Program Files\dotnet\sdk\9.0.200\Microsoft\Microsoft.NET.Build.Extensions\net461\lib\System.Net.Sockets.dll" to "bin\x64\Debug\net461\System.Net.Sockets.dll". Beginning retry 10 in 1000ms. The process cannot access the file 'D:\CongNgheDN(CuoiKy)\FaceRecog\FaceIDApp\bin\x64\Debug\net461\System.Net.Sockets.dll' because it is being used by another process. The file is locked by: "  (36436)" [D:\CongNgheDN(CuoiKy)\FaceRecog\FaceIDApp\FaceIDApp.csproj]
C:\Program Files\dotnet\sdk\9.0.200\Microsoft.Common.CurrentVersion.targets(5062,5): error MSB3027: Could not copy "C:\Program Files\dotnet\sdk\9.0.200\Microsoft\Microsoft.NET.Build.Extensions\net461\lib\System.Net.Sockets.dll" to "bin\x64\Debug\net461\System.Net.Sockets.dll". Exceeded retry count of 10. Failed. The file is locked by: "  (36436)" [D:\CongNgheDN(CuoiKy)\FaceRecog\FaceIDApp\FaceIDApp.csproj]
C:\Program Files\dotnet\sdk\9.0.200\Microsoft.Common.CurrentVersion.targets(5062,5): error MSB3021: Unable to copy file "C:\Program Files\dotnet\sdk\9.0.200\Microsoft\Microsoft.NET.Build.Extensions\net461\lib\System.Net.Sockets.dll" to "bin\x64\Debug\net461\System.Net.Sockets.dll". The process cannot access the file 'D:\CongNgheDN(CuoiKy)\FaceRecog\FaceIDApp\bin\x64\Debug\net461\System.Net.Sockets.dll' because it is being used by another process. [D:\CongNgheDN(CuoiKy)\FaceRecog\FaceIDApp\FaceIDApp.csproj]
    13 Warning(s)
    2 Error(s)

Time Elapsed 00:00:16.50
